blalalalalalalalaabaalala
